{
    "timestamp": "2025-08-20 04:11:44",
    "method": "POST",
    "post_data": {
        "application_date": "2025-08-20",
        "approval_number": "",
        "department": "\u8cc7\u8a0a\u5de5\u7a0b\u5b78\u7cfb",
        "principal_investigator": "teacher1",
        "regulations_read": "yes",
        "application_categories": [
            "research",
            "education"
        ],
        "project_amount": "100000",
        "admin_fee_percentage": "10",
        "university_percentage": "",
        "company_percentage": "",
        "company_name": "123",
        "company_contact": "123",
        "company_phone": "0909090909",
        "project_title": "ndx",
        "expected_outcomes": "123",
        "project_timeline": "123",
        "has_intellectual_property": "no",
        "university_ip_percentage": "",
        "university_patent": "",
        "university_trademark": "",
        "university_copyright": "",
        "university_trade_secret": "",
        "company_ip_percentage": "",
        "company_patent": "",
        "company_trademark": "",
        "company_copyright": "",
        "company_trade_secret": "",
        "investigator_ip_percentage": "",
        "investigator_patent": "",
        "investigator_trademark": "",
        "investigator_copyright": "",
        "investigator_trade_secret": "",
        "tech_transfer_amount": "",
        "future_tech_transfer": "no",
        "benefits_amount": "",
        "has_derived_benefits": "no",
        "use_university_venue": "on",
        "venue_fees_in_proposal": "on",
        "employ_disadvantaged_students": "on",
        "use_standard_contract": "on",
        "attachments": [
            "contract",
            "proposal"
        ],
        "teacher_username": "teacher1"
    },
    "files_data": {
        "contract_file": {
            "name": "110534225.pdf",
            "type": "application\/pdf",
            "tmp_name": "C:\\xampp\\tmp\\php6440.tmp",
            "error": 0,
            "size": 2152974
        },
        "proposal_file": {
            "name": "110534225.pdf",
            "type": "application\/pdf",
            "tmp_name": "C:\\xampp\\tmp\\php6451.tmp",
            "error": 0,
            "size": 2152974
        }
    }
}
{
    "timestamp": "2025-08-20 04:14:16",
    "method": "POST",
    "post_data": {
        "application_date": "2025-08-20",
        "approval_number": "",
        "department": "\u8cc7\u8a0a\u5de5\u7a0b\u5b78\u7cfb",
        "principal_investigator": "teacher1",
        "regulations_read": "yes",
        "application_categories": [
            "research",
            "education"
        ],
        "project_amount": "100000",
        "admin_fee_percentage": "10",
        "university_percentage": "",
        "company_percentage": "",
        "company_name": "123",
        "company_contact": "123",
        "company_phone": "0909090909",
        "project_title": "ndx",
        "expected_outcomes": "123",
        "project_timeline": "123",
        "has_intellectual_property": "no",
        "university_ip_percentage": "",
        "university_patent": "",
        "university_trademark": "",
        "university_copyright": "",
        "university_trade_secret": "",
        "company_ip_percentage": "",
        "company_patent": "",
        "company_trademark": "",
        "company_copyright": "",
        "company_trade_secret": "",
        "investigator_ip_percentage": "",
        "investigator_patent": "",
        "investigator_trademark": "",
        "investigator_copyright": "",
        "investigator_trade_secret": "",
        "tech_transfer_amount": "",
        "future_tech_transfer": "no",
        "benefits_amount": "",
        "has_derived_benefits": "no",
        "use_university_venue": "on",
        "venue_fees_in_proposal": "on",
        "attachments": [
            "contract",
            "proposal"
        ],
        "teacher_username": "teacher1"
    },
    "files_data": {
        "contract_file": {
            "name": "110534225.pdf",
            "type": "application\/pdf",
            "tmp_name": "C:\\xampp\\tmp\\phpB835.tmp",
            "error": 0,
            "size": 2152974
        },
        "proposal_file": {
            "name": "110534225.pdf",
            "type": "application\/pdf",
            "tmp_name": "C:\\xampp\\tmp\\phpB845.tmp",
            "error": 0,
            "size": 2152974
        }
    }
}
{
    "timestamp": "2025-08-20 04:18:50",
    "method": "POST",
    "post_data": {
        "application_date": "2025-08-20",
        "approval_number": "",
        "department": "\u8cc7\u8a0a\u5de5\u7a0b\u5b78\u7cfb",
        "principal_investigator": "teacher1",
        "regulations_read": "yes",
        "application_categories": [
            "research",
            "education"
        ],
        "project_amount": "100000",
        "admin_fee_percentage": "10",
        "university_percentage": "",
        "company_percentage": "",
        "company_name": "\u6e2c\u8a66\u516c\u53f8",
        "company_contact": "123",
        "company_phone": "0909090909",
        "project_title": "ndx",
        "expected_outcomes": "123",
        "project_timeline": "123",
        "has_intellectual_property": "no",
        "university_ip_percentage": "",
        "university_patent": "",
        "university_trademark": "",
        "university_copyright": "",
        "university_trade_secret": "",
        "company_ip_percentage": "",
        "company_patent": "",
        "company_trademark": "",
        "company_copyright": "",
        "company_trade_secret": "",
        "investigator_ip_percentage": "",
        "investigator_patent": "",
        "investigator_trademark": "",
        "investigator_copyright": "",
        "investigator_trade_secret": "",
        "tech_transfer_amount": "",
        "future_tech_transfer": "no",
        "benefits_amount": "",
        "has_derived_benefits": "no",
        "use_university_venue": "on",
        "venue_fees_in_proposal": "on",
        "employ_disadvantaged_students": "on",
        "use_standard_contract": "on",
        "attachments": [
            "contract",
            "proposal"
        ],
        "teacher_username": "teacher1"
    },
    "files_data": {
        "contract_file": {
            "name": "110534225.pdf",
            "type": "application\/pdf",
            "tmp_name": "C:\\xampp\\tmp\\phpE52F.tmp",
            "error": 0,
            "size": 2152974
        },
        "proposal_file": {
            "name": "110534225.pdf",
            "type": "application\/pdf",
            "tmp_name": "C:\\xampp\\tmp\\phpE54F.tmp",
            "error": 0,
            "size": 2152974
        }
    }
}
{
    "timestamp": "2025-08-20 04:40:57",
    "method": "POST",
    "post_data": {
        "application_date": "2025-08-20",
        "approval_number": "",
        "department": "\u8cc7\u8a0a\u5de5\u7a0b\u5b78\u7cfb",
        "principal_investigator": "teacher1",
        "regulations_read": "yes",
        "application_categories": [
            "research",
            "education"
        ],
        "project_amount": "100000",
        "admin_fee_percentage": "10",
        "university_percentage": "",
        "company_percentage": "",
        "company_name": "\u6e2c\u8a66\u516c\u53f8",
        "company_contact": "123",
        "company_phone": "0909090909",
        "project_title": "ndx",
        "expected_outcomes": "123",
        "project_timeline": "123",
        "has_intellectual_property": "no",
        "university_ip_percentage": "",
        "university_patent": "",
        "university_trademark": "",
        "university_copyright": "",
        "university_trade_secret": "",
        "company_ip_percentage": "",
        "company_patent": "",
        "company_trademark": "",
        "company_copyright": "",
        "company_trade_secret": "",
        "investigator_ip_percentage": "",
        "investigator_patent": "",
        "investigator_trademark": "",
        "investigator_copyright": "",
        "investigator_trade_secret": "",
        "tech_transfer_amount": "",
        "future_tech_transfer": "no",
        "benefits_amount": "",
        "has_derived_benefits": "no",
        "use_university_venue": "on",
        "venue_fees_in_proposal": "on",
        "employ_disadvantaged_students": "on",
        "use_standard_contract": "on",
        "teacher_username": "teacher1"
    },
    "files_data": {
        "contract_file": {
            "name": "110534229.pdf",
            "type": "application\/pdf",
            "tmp_name": "C:\\xampp\\tmp\\php242D.tmp",
            "error": 0,
            "size": 573845
        },
        "proposal_file": {
            "name": "110534229.pdf",
            "type": "application\/pdf",
            "tmp_name": "C:\\xampp\\tmp\\php242E.tmp",
            "error": 0,
            "size": 573845
        }
    }
}
