{
    "timestamp": "2025-08-20 04:02:31",
    "method": "POST",
    "post_data": {
        "application_date": "2025-08-20",
        "approval_number": "",
        "department": "\u8cc7\u8a0a\u5de5\u7a0b\u5b78\u7cfb",
        "principal_investigator": "teacher1",
        "regulations_read": "yes",
        "application_categories": [
            "research",
            "education"
        ],
        "project_amount": "100000",
        "admin_fee_percentage": "10",
        "university_percentage": "",
        "company_percentage": "",
        "company_name": "123",
        "company_contact": "123",
        "company_phone": "0909090909",
        "project_title": "ndx",
        "expected_outcomes": "123",
        "project_timeline": "123",
        "has_intellectual_property": "no",
        "university_ip_percentage": "",
        "university_patent": "",
        "university_trademark": "",
        "university_copyright": "",
        "university_trade_secret": "",
        "company_ip_percentage": "",
        "company_patent": "",
        "company_trademark": "",
        "company_copyright": "",
        "company_trade_secret": "",
        "investigator_ip_percentage": "",
        "investigator_patent": "",
        "investigator_trademark": "",
        "investigator_copyright": "",
        "investigator_trade_secret": "",
        "tech_transfer_amount": "",
        "future_tech_transfer": "no",
        "benefits_amount": "",
        "has_derived_benefits": "no",
        "use_university_venue": "on",
        "venue_fees_in_proposal": "on",
        "employ_disadvantaged_students": "on",
        "use_standard_contract": "on",
        "attachments": [
            "contract",
            "proposal"
        ],
        "teacher_username": "teacher1"
    },
    "files_data": {
        "contract_file": {
            "name": "110534225.pdf",
            "type": "application\/pdf",
            "tmp_name": "C:\\xampp\\tmp\\phpF2AD.tmp",
            "error": 0,
            "size": 2152974
        },
        "proposal_file": {
            "name": "110534225.pdf",
            "type": "application\/pdf",
            "tmp_name": "C:\\xampp\\tmp\\phpF2CD.tmp",
            "error": 0,
            "size": 2152974
        }
    }
}
{
    "timestamp": "2025-08-20 04:05:51",
    "method": "POST",
    "post_data": {
        "application_date": "2025-08-20",
        "approval_number": "",
        "department": "\u8cc7\u8a0a\u5de5\u7a0b\u5b78\u7cfb",
        "principal_investigator": "teacher1",
        "regulations_read": "yes",
        "application_categories": [
            "research",
            "education"
        ],
        "project_amount": "100000",
        "admin_fee_percentage": "10",
        "university_percentage": "",
        "company_percentage": "",
        "company_name": "123",
        "company_contact": "123",
        "company_phone": "0909090909",
        "project_title": "ndx",
        "expected_outcomes": "123",
        "project_timeline": "214",
        "has_intellectual_property": "no",
        "university_ip_percentage": "",
        "university_patent": "",
        "university_trademark": "",
        "university_copyright": "",
        "university_trade_secret": "",
        "company_ip_percentage": "",
        "company_patent": "",
        "company_trademark": "",
        "company_copyright": "",
        "company_trade_secret": "",
        "investigator_ip_percentage": "",
        "investigator_patent": "",
        "investigator_trademark": "",
        "investigator_copyright": "",
        "investigator_trade_secret": "",
        "tech_transfer_amount": "",
        "future_tech_transfer": "no",
        "benefits_amount": "",
        "has_derived_benefits": "no",
        "use_university_venue": "on",
        "venue_fees_in_proposal": "on",
        "employ_disadvantaged_students": "on",
        "use_standard_contract": "on",
        "attachments": [
            "contract",
            "proposal"
        ],
        "teacher_username": "teacher1"
    },
    "files_data": {
        "contract_file": {
            "name": "110534225.pdf",
            "type": "application\/pdf",
            "tmp_name": "C:\\xampp\\tmp\\php212.tmp",
            "error": 0,
            "size": 2152974
        },
        "proposal_file": {
            "name": "110534225.pdf",
            "type": "application\/pdf",
            "tmp_name": "C:\\xampp\\tmp\\php222.tmp",
            "error": 0,
            "size": 2152974
        }
    }
}
